Graphify Review Analysis
Changed files: 5
Blast radius: high (score 116)
Impacted files: 5
Impacted communities: 7
Bridge nodes: 8
Test-gap hints: 5
Multimodal safety: none

Blast rationale:
  - multiple communities are impacted
  - bridge nodes connect this change across communities
  - high-risk chains are present
  - test-gap hints are present

Impacted communities:
  - Community 140 (high, 11 impacted nodes, 41 changed nodes)
  - Community 120 (high, 5 impacted nodes, 23 changed nodes)
  - Community 85 (high, 3 impacted nodes, 50 changed nodes)
  - Community 126 (high, 2 impacted nodes, 26 changed nodes)
  - Community 152 (high, 2 impacted nodes, 12 changed nodes)
  - Community 56 (low, 1 impacted nodes, 1 changed nodes)
  - Community 167 (high, 1 impacted nodes, 13 changed nodes)

Bridge nodes:
  - AyasChatStreamEvent (degree 13, community 56, src/lib/ayas/AyasChatStream.ts)
  - RuntimeAuthorityTransitionStore (degree 36, community 140, src/lib/runtime/security/RuntimeAuthorityTransition.ts)
  - RuntimeAuthorityTransitionError (degree 32, community 140, src/lib/runtime/security/RuntimeAuthorityTransition.ts)
  - ayasChatStreamEventToSse() (degree 5, community 253, src/lib/ayas/AyasChatStream.ts)
  - writeRuntimeAuthorityGenerationMarker() (degree 17, community 120, src/lib/runtime/security/RuntimeAuthorityGenerationMarker.ts)
  - describeRuntimeAuthorityIdentity() (degree 9, community 120, src/lib/runtime/security/RuntimeAuthorityGenerationMarker.ts)
  - runtimeAuthorityProjectsContentDigest() (degree 8, community 126, src/lib/runtime/security/RuntimeAuthorityTransition.ts)
  - StreamAyasChatInput (degree 4, community 253, src/lib/ayas/AyasChatStream.ts)

Test-gap hints:
  - src/lib/ayas/AyasChatStream.ts: no related test file surfaced in the impacted graph
  - src/lib/ayas/audit/AyasSystemAuditCollector.ts: no related test file surfaced in the impacted graph
  - src/lib/ayas/audit/AyasSystemAuditCombinedScope.ts: no related test file surfaced in the impacted graph
  - src/lib/runtime/security/RuntimeAuthorityGenerationMarker.ts: no related test file surfaced in the impacted graph
  - src/lib/runtime/security/RuntimeAuthorityTransition.ts: no related test file surfaced in the impacted graph

Multimodal/doc safety:
  - no multimodal/doc artifact surfaced in the impacted graph

Next best action: Start with bridge nodes and high-risk chains before reviewing individual files.
