node:internal/modules/run_main:107
    triggerUncaughtException(
    ^

AssertionError [ERR_ASSERTION]: {"decision":{"decision":"PROMOTION_STOPPED","vaultVersion":2,"vaultDigest":"5f2fbf0b529f381caecd44651af2e642280bbfbc1bd7e761ca79d87dc2024a3f","cases":18,"gapDomains":["REVENUE_DRY_RUN","HISTORICAL_VIDEO"],"reasonCodes":["GOLDEN_CASE_FAILED","BASELINE_NOT_SUPPLIED"],"authority":"NONE","failingCaseIds":["golden.memory.retrieval-evaluation"],"regressedCaseIds":[]},"durationsMs":{"golden.conversation.quality-master":762,"golden.conversation.chat-quality":789,"golden.memory.temporal-correction":3530,"golden.memory.integrity":1578,"golden.memory.retrieval-evaluation":15433,"golden.coding.historical-repair-vault":774,"golden.coding.guided-repair":1469,"golden.security.action-firewall":1068,"golden.security.exact-patch-safety":530,"golden.security.access-gate":481,"golden.production.fault-repair":2948,"golden.production.workflow-recovery":691,"golden.production.durable-task-runtime":1595,"golden.video.historical-storytelling":4984,"golden.video.quality-gate":446,"golden.video.historical-projects":509,"golden.ui.brain-core":1696,"golden.ui.voice":639}}
+ actual - expected

  [
+   'PROMOTION_STOPPED',
+   [
+     'golden.memory.retrieval-evaluation'
+   ],
-   'GOLDEN_HELD',
    [],
-   []
  ]

    at assert (C:\Users\Metod\AppData\Local\Temp\ayas-eval-baseline-XDzir4\repo\scripts\smoke-ayas-golden-vault-run.ts:16:8)
    at Object.<anonymous> (C:\Users\Metod\AppData\Local\Temp\ayas-eval-baseline-XDzir4\repo\scripts\smoke-ayas-golden-vault-run.ts:19:121)
    at Module._compile (node:internal/modules/cjs/loader:1871:14)
    at Object.transformer (C:\Users\Metod\Desktop\solid\SW2020.x64.SP4.0\Program\Atölye\atolye-v2\node_modules\tsx\dist\register-BoI6-WNn.cjs:9:3252)
    at Module.load (node:internal/modules/cjs/loader:1594:32)
    at Module._load (node:internal/modules/cjs/loader:1396:12)
    at wrapModuleLoad (node:internal/modules/cjs/loader:255:19)
    at loadCJSModuleWithModuleLoad (node:internal/modules/esm/translators:372:15)
    at ModuleWrap.<anonymous> (node:internal/modules/esm/translators:244:9)
    at ModuleJob.run (node:internal/modules/esm/module_job:439:25) {
  generatedMessage: false,
  code: 'ERR_ASSERTION',
  actual: [ 'PROMOTION_STOPPED', [ 'golden.memory.retrieval-evaluation' ], [] ],
  expected: [ 'GOLDEN_HELD', [], [] ],
  operator: 'deepStrictEqual',
  diff: 'simple'
}

Node.js v24.18.0
