AssertionError [ERR_ASSERTION]: [{"id":"golden.memory.retrieval-evaluation","pass":false,"timedOut":false}]
+ actual - expected

  [
+   'PROMOTION_STOPPED',
+   [
+     'golden.memory.retrieval-evaluation'
+   ],
-   'GOLDEN_HELD',
-   [],
    18,
    []
  ]

    at main (C:\Users\Metod\AppData\Local\Temp\ayas-eval-baseline-redZZP\repo\scripts\smoke-ayas-golden-sandbox-run.ts:48:12)
    at process.processTicksAndRejections (node:internal/process/task_queues:104:5) {
  generatedMessage: false,
  code: 'ERR_ASSERTION',
  actual: [Array],
  expected: [Array],
  operator: 'deepStrictEqual',
  diff: 'simple'
}
