Graphify Review Analysis
Changed files: 2
Blast radius: high (score 145)
Impacted files: 10
Impacted communities: 5
Bridge nodes: 8
Test-gap hints: 1
Multimodal safety: none

Blast rationale:
  - graph expands review beyond changed files
  - multiple communities are impacted
  - bridge nodes connect this change across communities
  - high-risk chains are present
  - test-gap hints are present

Impacted communities:
  - Community 41 (high, 46 impacted nodes, 22 changed nodes)
  - Community 12 (low, 2 impacted nodes, 0 changed nodes)
  - Community 30 (low, 2 impacted nodes, 0 changed nodes)
  - Community 53 (low, 2 impacted nodes, 0 changed nodes)
  - Community 19 (low, 1 impacted nodes, 0 changed nodes)

Bridge nodes:
  - classifyPatchTarget() (degree 28, community 53, src/lib/brain/selfheal/BrainPatchSafety.ts)
  - ab6e531 feat(ayas): stage 15Q.3 host-common occupancy and consumer binding (degree 17, community 19, git)
  - evaluateAyasMachineHealth() (degree 12, community 41, src/lib/ayas/machine/AyasMachineHealthGuard.ts)
  - readAyasResourceOccupancy() (degree 11, community 41, src/lib/ayas/machine/AyasResourceOccupancy.ts)
  - discoverAyasNovelPatchCandidates() (degree 8, community 30, src/lib/brain/autonomy/AyasNovelPatchDiscovery.ts)
  - resolveAyasHostCapacityRoot() (degree 6, community 41, src/lib/ayas/machine/AyasResourceOccupancy.ts)
  - AyasMachineTelemetry (degree 10, community 41, src/lib/ayas/machine/AyasMachineTelemetry.ts)
  - evaluateAyasResourceAdmission() (degree 10, community 41, src/lib/ayas/machine/AyasResourceGovernor.ts)

Test-gap hints:
  - scripts/smoke-ayas-resource-occupancy.ts: no related test file surfaced in the impacted graph

Multimodal/doc safety:
  - no multimodal/doc artifact surfaced in the impacted graph

Next best action: Start with bridge nodes and high-risk chains before reviewing individual files.
