AYAS proposal approval service smoke: PASS (28 scenarios)
{"status":"PASS","suite":"ayas-proposal-approval-service","scenarios":28}
warning: in the working copy of '.gitignore', LF will be replaced by CRLF the next time Git touches it
warning: in the working copy of 'scripts/existing.ts', LF will be replaced by CRLF the next time Git touches it
warning: in the working copy of 'tsconfig.json', LF will be replaced by CRLF the next time Git touches it
warning: in the working copy of 'scripts/smoke-fixture-generated.ts', LF will be replaced by CRLF the next time Git touches it
warning: in the working copy of 'scripts/smoke-fixture-generated.ts', LF will be replaced by CRLF the next time Git touches it
To C:\Users\Metod\AppData\Local\Temp\ayas-proposal-approval-XkzIq4
   9e2b85a..f697b42  master -> master
warning: in the working copy of '.gitignore', LF will be replaced by CRLF the next time Git touches it
warning: in the working copy of 'scripts/existing.ts', LF will be replaced by CRLF the next time Git touches it
warning: in the working copy of 'tsconfig.json', LF will be replaced by CRLF the next time Git touches it
warning: in the working copy of 'scripts/smoke-fixture-generated.ts', LF will be replaced by CRLF the next time Git touches it
warning: in the working copy of 'scripts/smoke-fixture-generated.ts', LF will be replaced by CRLF the next time Git touches it
To C:\Users\Metod\AppData\Local\Temp\ayas-proposal-approval-Ttvl4V
   b86a137..a8ad5bc  master -> master
warning: in the working copy of '.gitignore', LF will be replaced by CRLF the next time Git touches it
warning: in the working copy of 'scripts/existing.ts', LF will be replaced by CRLF the next time Git touches it
warning: in the working copy of 'tsconfig.json', LF will be replaced by CRLF the next time Git touches it
warning: in the working copy of 'scripts/smoke-fixture-generated.ts', LF will be replaced by CRLF the next time Git touches it
warning: in the working copy of 'scripts/smoke-fixture-generated.ts', LF will be replaced by CRLF the next time Git touches it
To C:\Users\Metod\AppData\Local\Temp\ayas-proposal-approval-oL9M7H
   0eff04f..7492e65  master -> master
warning: in the working copy of '.gitignore', LF will be replaced by CRLF the next time Git touches it
warning: in the working copy of 'scripts/existing.ts', LF will be replaced by CRLF the next time Git touches it
warning: in the working copy of 'tsconfig.json', LF will be replaced by CRLF the next time Git touches it
warning: in the working copy of 'scripts/smoke-fixture-generated.ts', LF will be replaced by CRLF the next time Git touches it
warning: in the working copy of 'scripts/smoke-fixture-generated.ts', LF will be replaced by CRLF the next time Git touches it
To C:\Users\Metod\AppData\Local\Temp\ayas-proposal-approval-aj3U6z
   a015442..6f5dcdd  master -> master
warning: in the working copy of '.gitignore', LF will be replaced by CRLF the next time Git touches it
warning: in the working copy of 'scripts/existing.ts', LF will be replaced by CRLF the next time Git touches it
warning: in the working copy of 'tsconfig.json', LF will be replaced by CRLF the next time Git touches it
warning: in the working copy of '.gitignore', LF will be replaced by CRLF the next time Git touches it
warning: in the working copy of 'scripts/existing.ts', LF will be replaced by CRLF the next time Git touches it
warning: in the working copy of 'tsconfig.json', LF will be replaced by CRLF the next time Git touches it
warning: in the working copy of '.gitignore', LF will be replaced by CRLF the next time Git touches it
warning: in the working copy of 'scripts/existing.ts', LF will be replaced by CRLF the next time Git touches it
warning: in the working copy of 'tsconfig.json', LF will be replaced by CRLF the next time Git touches it
warning: in the working copy of '.gitignore', LF will be replaced by CRLF the next time Git touches it
warning: in the working copy of 'scripts/existing.ts', LF will be replaced by CRLF the next time Git touches it
warning: in the working copy of 'tsconfig.json', LF will be replaced by CRLF the next time Git touches it
warning: in the working copy of '.gitignore', LF will be replaced by CRLF the next time Git touches it
warning: in the working copy of 'scripts/existing.ts', LF will be replaced by CRLF the next time Git touches it
warning: in the working copy of 'tsconfig.json', LF will be replaced by CRLF the next time Git touches it
warning: in the working copy of '.gitignore', LF will be replaced by CRLF the next time Git touches it
warning: in the working copy of 'scripts/existing.ts', LF will be replaced by CRLF the next time Git touches it
warning: in the working copy of 'tsconfig.json', LF will be replaced by CRLF the next time Git touches it
warning: in the working copy of '.gitignore', LF will be replaced by CRLF the next time Git touches it
warning: in the working copy of 'scripts/existing.ts', LF will be replaced by CRLF the next time Git touches it
warning: in the working copy of 'tsconfig.json', LF will be replaced by CRLF the next time Git touches it
warning: in the working copy of '.gitignore', LF will be replaced by CRLF the next time Git touches it
warning: in the working copy of 'scripts/existing.ts', LF will be replaced by CRLF the next time Git touches it
warning: in the working copy of 'tsconfig.json', LF will be replaced by CRLF the next time Git touches it
warning: in the working copy of '.gitignore', LF will be replaced by CRLF the next time Git touches it
warning: in the working copy of 'scripts/existing.ts', LF will be replaced by CRLF the next time Git touches it
warning: in the working copy of 'tsconfig.json', LF will be replaced by CRLF the next time Git touches it
warning: in the working copy of '.gitignore', LF will be replaced by CRLF the next time Git touches it
warning: in the working copy of 'scripts/existing.ts', LF will be replaced by CRLF the next time Git touches it
warning: in the working copy of 'tsconfig.json', LF will be replaced by CRLF the next time Git touches it
warning: in the working copy of '.gitignore', LF will be replaced by CRLF the next time Git touches it
warning: in the working copy of 'scripts/existing.ts', LF will be replaced by CRLF the next time Git touches it
warning: in the working copy of 'tsconfig.json', LF will be replaced by CRLF the next time Git touches it
warning: in the working copy of '.gitignore', LF will be replaced by CRLF the next time Git touches it
warning: in the working copy of 'scripts/existing.ts', LF will be replaced by CRLF the next time Git touches it
warning: in the working copy of 'tsconfig.json', LF will be replaced by CRLF the next time Git touches it
warning: in the working copy of '.gitignore', LF will be replaced by CRLF the next time Git touches it
warning: in the working copy of 'scripts/existing.ts', LF will be replaced by CRLF the next time Git touches it
warning: in the working copy of 'tsconfig.json', LF will be replaced by CRLF the next time Git touches it
warning: in the working copy of 'scripts/smoke-fixture-generated.ts', LF will be replaced by CRLF the next time Git touches it
warning: in the working copy of 'scripts/smoke-fixture-generated.ts', LF will be replaced by CRLF the next time Git touches it
To C:\Users\Metod\AppData\Local\Temp\ayas-proposal-approval-tqXove
   f184deb..7281528  master -> master
warning: in the working copy of '.gitignore', LF will be replaced by CRLF the next time Git touches it
warning: in the working copy of 'scripts/existing.ts', LF will be replaced by CRLF the next time Git touches it
warning: in the working copy of 'tsconfig.json', LF will be replaced by CRLF the next time Git touches it
warning: in the working copy of 'scripts/smoke-fixture-generated.ts', LF will be replaced by CRLF the next time Git touches it
warning: in the working copy of 'scripts/smoke-fixture-generated.ts', LF will be replaced by CRLF the next time Git touches it
To C:\Users\Metod\AppData\Local\Temp\ayas-proposal-approval-oc8bvi
   0d92406..3112be4  master -> master
warning: in the working copy of '.gitignore', LF will be replaced by CRLF the next time Git touches it
warning: in the working copy of 'scripts/existing.ts', LF will be replaced by CRLF the next time Git touches it
warning: in the working copy of 'tsconfig.json', LF will be replaced by CRLF the next time Git touches it
warning: in the working copy of 'scripts/smoke-fixture-generated.ts', LF will be replaced by CRLF the next time Git touches it
warning: in the working copy of 'scripts/smoke-fixture-generated.ts', LF will be replaced by CRLF the next time Git touches it
To C:\Users\Metod\AppData\Local\Temp\ayas-proposal-approval-XqDpRk
   4ef90dd..da401f1  master -> master
warning: in the working copy of '.gitignore', LF will be replaced by CRLF the next time Git touches it
warning: in the working copy of 'scripts/existing.ts', LF will be replaced by CRLF the next time Git touches it
warning: in the working copy of 'tsconfig.json', LF will be replaced by CRLF the next time Git touches it
warning: in the working copy of 'elsewhere.ts', LF will be replaced by CRLF the next time Git touches it
warning: in the working copy of 'scripts/smoke-fixture-generated.ts', LF will be replaced by CRLF the next time Git touches it
warning: in the working copy of 'scripts/smoke-fixture-generated.ts', LF will be replaced by CRLF the next time Git touches it
To C:\Users\Metod\AppData\Local\Temp\ayas-proposal-approval-xTqedP
 ! [rejected]        master -> master (fetch first)
error: failed to push some refs to 'C:\Users\Metod\AppData\Local\Temp\ayas-proposal-approval-xTqedP'
hint: Updates were rejected because the remote contains work that you do not
hint: have locally. This is usually caused by another repository pushing to
hint: the same ref. If you want to integrate the remote changes, use
hint: 'git pull' before pushing again.
hint: See the 'Note about fast-forwards' in 'git push --help' for details.
warning: in the working copy of '.gitignore', LF will be replaced by CRLF the next time Git touches it
warning: in the working copy of 'scripts/existing.ts', LF will be replaced by CRLF the next time Git touches it
warning: in the working copy of 'tsconfig.json', LF will be replaced by CRLF the next time Git touches it
warning: in the working copy of 'elsewhere.ts', LF will be replaced by CRLF the next time Git touches it
warning: in the working copy of 'scripts/smoke-fixture-generated.ts', LF will be replaced by CRLF the next time Git touches it
warning: in the working copy of 'scripts/smoke-fixture-generated.ts', LF will be replaced by CRLF the next time Git touches it
To C:\Users\Metod\AppData\Local\Temp\ayas-proposal-approval-4kQiP5
 ! [rejected]        master -> master (fetch first)
error: failed to push some refs to 'C:\Users\Metod\AppData\Local\Temp\ayas-proposal-approval-4kQiP5'
hint: Updates were rejected because the remote contains work that you do not
hint: have locally. This is usually caused by another repository pushing to
hint: the same ref. If you want to integrate the remote changes, use
hint: 'git pull' before pushing again.
hint: See the 'Note about fast-forwards' in 'git push --help' for details.
warning: in the working copy of '.gitignore', LF will be replaced by CRLF the next time Git touches it
warning: in the working copy of 'scripts/existing.ts', LF will be replaced by CRLF the next time Git touches it
warning: in the working copy of 'tsconfig.json', LF will be replaced by CRLF the next time Git touches it
warning: in the working copy of 'elsewhere.ts', LF will be replaced by CRLF the next time Git touches it
warning: in the working copy of 'scripts/smoke-fixture-generated.ts', LF will be replaced by CRLF the next time Git touches it
warning: in the working copy of 'scripts/smoke-fixture-generated.ts', LF will be replaced by CRLF the next time Git touches it
To C:\Users\Metod\AppData\Local\Temp\ayas-proposal-approval-Tw6vCt
 ! [rejected]        master -> master (fetch first)
error: failed to push some refs to 'C:\Users\Metod\AppData\Local\Temp\ayas-proposal-approval-Tw6vCt'
hint: Updates were rejected because the remote contains work that you do not
hint: have locally. This is usually caused by another repository pushing to
hint: the same ref. If you want to integrate the remote changes, use
hint: 'git pull' before pushing again.
hint: See the 'Note about fast-forwards' in 'git push --help' for details.
warning: in the working copy of '.gitignore', LF will be replaced by CRLF the next time Git touches it
warning: in the working copy of 'scripts/existing.ts', LF will be replaced by CRLF the next time Git touches it
warning: in the working copy of 'tsconfig.json', LF will be replaced by CRLF the next time Git touches it
warning: in the working copy of 'scripts/smoke-fixture-generated.ts', LF will be replaced by CRLF the next time Git touches it
warning: in the working copy of 'scripts/smoke-fixture-generated.ts', LF will be replaced by CRLF the next time Git touches it
To C:\Users\Metod\AppData\Local\Temp\ayas-proposal-approval-HLf2GO
   013766e..2274ad5  master -> master
warning: in the working copy of '.gitignore', LF will be replaced by CRLF the next time Git touches it
warning: in the working copy of 'scripts/existing.ts', LF will be replaced by CRLF the next time Git touches it
warning: in the working copy of 'tsconfig.json', LF will be replaced by CRLF the next time Git touches it
warning: in the working copy of 'scripts/smoke-fixture-generated.ts', LF will be replaced by CRLF the next time Git touches it
warning: in the working copy of 'scripts/smoke-fixture-generated.ts', LF will be replaced by CRLF the next time Git touches it
To C:\Users\Metod\AppData\Local\Temp\ayas-proposal-approval-KV8v6c
   fbffecf..d46753f  master -> master
warning: in the working copy of '.gitignore', LF will be replaced by CRLF the next time Git touches it
warning: in the working copy of 'scripts/existing.ts', LF will be replaced by CRLF the next time Git touches it
warning: in the working copy of 'tsconfig.json', LF will be replaced by CRLF the next time Git touches it
warning: in the working copy of 'scripts/smoke-fixture-generated.ts', LF will be replaced by CRLF the next time Git touches it
warning: in the working copy of 'scripts/smoke-fixture-generated.ts', LF will be replaced by CRLF the next time Git touches it
To C:\Users\Metod\AppData\Local\Temp\ayas-proposal-approval-AOvXDe
   6020e2d..19614b2  master -> master
warning: in the working copy of '.gitignore', LF will be replaced by CRLF the next time Git touches it
warning: in the working copy of 'scripts/existing.ts', LF will be replaced by CRLF the next time Git touches it
warning: in the working copy of 'tsconfig.json', LF will be replaced by CRLF the next time Git touches it
warning: in the working copy of 'scripts/smoke-fixture-generated.ts', LF will be replaced by CRLF the next time Git touches it
warning: in the working copy of 'scripts/smoke-fixture-generated.ts', LF will be replaced by CRLF the next time Git touches it
To C:\Users\Metod\AppData\Local\Temp\ayas-proposal-approval-R0WEyN
   54b7b2b..c0b8ff7  master -> master
warning: in the working copy of '.gitignore', LF will be replaced by CRLF the next time Git touches it
warning: in the working copy of 'scripts/existing.ts', LF will be replaced by CRLF the next time Git touches it
warning: in the working copy of 'tsconfig.json', LF will be replaced by CRLF the next time Git touches it
warning: in the working copy of 'scripts/smoke-fixture-generated.ts', LF will be replaced by CRLF the next time Git touches it
warning: in the working copy of 'scripts/smoke-fixture-generated.ts', LF will be replaced by CRLF the next time Git touches it
To C:\Users\Metod\AppData\Local\Temp\ayas-proposal-approval-wTKDJW
   966a280..a360ad2  master -> master
warning: in the working copy of '.gitignore', LF will be replaced by CRLF the next time Git touches it
warning: in the working copy of 'scripts/existing.ts', LF will be replaced by CRLF the next time Git touches it
warning: in the working copy of 'tsconfig.json', LF will be replaced by CRLF the next time Git touches it
warning: in the working copy of 'scripts/smoke-fixture-generated.ts', LF will be replaced by CRLF the next time Git touches it
warning: in the working copy of 'scripts/smoke-fixture-generated.ts', LF will be replaced by CRLF the next time Git touches it
To C:\Users\Metod\AppData\Local\Temp\ayas-proposal-approval-Rwigx2
   9ccb2f0..6733b9d  master -> master
warning: in the working copy of '.gitignore', LF will be replaced by CRLF the next time Git touches it
warning: in the working copy of 'scripts/existing.ts', LF will be replaced by CRLF the next time Git touches it
warning: in the working copy of 'tsconfig.json', LF will be replaced by CRLF the next time Git touches it
warning: in the working copy of 'scripts/smoke-fixture-generated.ts', LF will be replaced by CRLF the next time Git touches it
warning: in the working copy of 'scripts/smoke-fixture-generated.ts', LF will be replaced by CRLF the next time Git touches it
To C:\Users\Metod\AppData\Local\Temp\ayas-proposal-approval-j98xGu
   2d1ea67..fcdc3a6  master -> master
warning: in the working copy of '.gitignore', LF will be replaced by CRLF the next time Git touches it
warning: in the working copy of 'scripts/existing.ts', LF will be replaced by CRLF the next time Git touches it
warning: in the working copy of 'tsconfig.json', LF will be replaced by CRLF the next time Git touches it
warning: in the working copy of 'scripts/smoke-fixture-generated.ts', LF will be replaced by CRLF the next time Git touches it
warning: in the working copy of 'scripts/smoke-fixture-generated.ts', LF will be replaced by CRLF the next time Git touches it
To C:\Users\Metod\AppData\Local\Temp\ayas-proposal-approval-A2XaM0
   f5a218c..97ed85e  master -> master
warning: in the working copy of '.gitignore', LF will be replaced by CRLF the next time Git touches it
warning: in the working copy of 'scripts/existing.ts', LF will be replaced by CRLF the next time Git touches it
warning: in the working copy of 'tsconfig.json', LF will be replaced by CRLF the next time Git touches it
warning: in the working copy of 'scripts/smoke-fixture-generated.ts', LF will be replaced by CRLF the next time Git touches it
warning: in the working copy of 'scripts/smoke-fixture-generated.ts', LF will be replaced by CRLF the next time Git touches it
To C:\Users\Metod\AppData\Local\Temp\ayas-proposal-approval-YZTS4s
   06b1a74..377e966  master -> master
warning: in the working copy of '.gitignore', LF will be replaced by CRLF the next time Git touches it
warning: in the working copy of 'scripts/existing.ts', LF will be replaced by CRLF the next time Git touches it
warning: in the working copy of 'tsconfig.json', LF will be replaced by CRLF the next time Git touches it
warning: in the working copy of 'scripts/smoke-fixture-generated.ts', LF will be replaced by CRLF the next time Git touches it
warning: in the working copy of 'scripts/smoke-fixture-generated.ts', LF will be replaced by CRLF the next time Git touches it
warning: in the working copy of '.gitignore', LF will be replaced by CRLF the next time Git touches it
warning: in the working copy of 'scripts/existing.ts', LF will be replaced by CRLF the next time Git touches it
warning: in the working copy of 'tsconfig.json', LF will be replaced by CRLF the next time Git touches it
warning: in the working copy of 'scripts/smoke-fixture-generated.ts', LF will be replaced by CRLF the next time Git touches it
warning: in the working copy of 'scripts/smoke-fixture-generated.ts', LF will be replaced by CRLF the next time Git touches it
warning: in the working copy of '.gitignore', LF will be replaced by CRLF the next time Git touches it
warning: in the working copy of 'scripts/existing.ts', LF will be replaced by CRLF the next time Git touches it
warning: in the working copy of 'tsconfig.json', LF will be replaced by CRLF the next time Git touches it
warning: in the working copy of 'scripts/smoke-fixture-generated.ts', LF will be replaced by CRLF the next time Git touches it
warning: in the working copy of '.gitignore', LF will be replaced by CRLF the next time Git touches it
warning: in the working copy of 'scripts/existing.ts', LF will be replaced by CRLF the next time Git touches it
warning: in the working copy of 'tsconfig.json', LF will be replaced by CRLF the next time Git touches it
warning: in the working copy of 'scripts/smoke-fixture-generated.ts', LF will be replaced by CRLF the next time Git touches it
warning: in the working copy of '.gitignore', LF will be replaced by CRLF the next time Git touches it
warning: in the working copy of 'scripts/existing.ts', LF will be replaced by CRLF the next time Git touches it
warning: in the working copy of 'tsconfig.json', LF will be replaced by CRLF the next time Git touches it
warning: in the working copy of 'scripts/smoke-fixture-generated.ts', LF will be replaced by CRLF the next time Git touches it
warning: in the working copy of '.gitignore', LF will be replaced by CRLF the next time Git touches it
warning: in the working copy of 'scripts/existing.ts', LF will be replaced by CRLF the next time Git touches it
warning: in the working copy of 'tsconfig.json', LF will be replaced by CRLF the next time Git touches it
warning: in the working copy of '.gitignore', LF will be replaced by CRLF the next time Git touches it
warning: in the working copy of 'scripts/existing.ts', LF will be replaced by CRLF the next time Git touches it
warning: in the working copy of 'tsconfig.json', LF will be replaced by CRLF the next time Git touches it
warning: in the working copy of '.gitignore', LF will be replaced by CRLF the next time Git touches it
warning: in the working copy of 'scripts/existing.ts', LF will be replaced by CRLF the next time Git touches it
warning: in the working copy of 'tsconfig.json', LF will be replaced by CRLF the next time Git touches it
warning: in the working copy of '.gitignore', LF will be replaced by CRLF the next time Git touches it
warning: in the working copy of 'scripts/existing.ts', LF will be replaced by CRLF the next time Git touches it
warning: in the working copy of 'tsconfig.json', LF will be replaced by CRLF the next time Git touches it
warning: in the working copy of '.gitignore', LF will be replaced by CRLF the next time Git touches it
warning: in the working copy of 'scripts/existing.ts', LF will be replaced by CRLF the next time Git touches it
warning: in the working copy of 'tsconfig.json', LF will be replaced by CRLF the next time Git touches it
warning: in the working copy of '.gitignore', LF will be replaced by CRLF the next time Git touches it
warning: in the working copy of 'scripts/existing.ts', LF will be replaced by CRLF the next time Git touches it
warning: in the working copy of 'tsconfig.json', LF will be replaced by CRLF the next time Git touches it
warning: in the working copy of '.gitignore', LF will be replaced by CRLF the next time Git touches it
warning: in the working copy of 'scripts/existing.ts', LF will be replaced by CRLF the next time Git touches it
warning: in the working copy of 'tsconfig.json', LF will be replaced by CRLF the next time Git touches it
warning: in the working copy of '.gitignore', LF will be replaced by CRLF the next time Git touches it
warning: in the working copy of 'scripts/existing.ts', LF will be replaced by CRLF the next time Git touches it
warning: in the working copy of 'tsconfig.json', LF will be replaced by CRLF the next time Git touches it
warning: in the working copy of '.gitignore', LF will be replaced by CRLF the next time Git touches it
warning: in the working copy of 'scripts/existing.ts', LF will be replaced by CRLF the next time Git touches it
warning: in the working copy of 'tsconfig.json', LF will be replaced by CRLF the next time Git touches it
warning: in the working copy of 'scripts/smoke-fixture-generated.ts', LF will be replaced by CRLF the next time Git touches it
warning: in the working copy of 'scripts/smoke-fixture-generated.ts', LF will be replaced by CRLF the next time Git touches it
To C:\Users\Metod\AppData\Local\Temp\ayas-proposal-approval-rY5b5z
   4bdd285..cb5323e  master -> master
warning: in the working copy of '.gitignore', LF will be replaced by CRLF the next time Git touches it
warning: in the working copy of 'scripts/existing.ts', LF will be replaced by CRLF the next time Git touches it
warning: in the working copy of 'tsconfig.json', LF will be replaced by CRLF the next time Git touches it
error: pathspec 'scripts/smoke-fixture-generated.ts' did not match any file(s) known to git
warning: in the working copy of '.gitignore', LF will be replaced by CRLF the next time Git touches it
warning: in the working copy of 'scripts/existing.ts', LF will be replaced by CRLF the next time Git touches it
warning: in the working copy of 'tsconfig.json', LF will be replaced by CRLF the next time Git touches it
warning: in the working copy of 'scripts/smoke-existing-editable.ts', LF will be replaced by CRLF the next time Git touches it
warning: in the working copy of '.gitignore', LF will be replaced by CRLF the next time Git touches it
warning: in the working copy of 'scripts/existing.ts', LF will be replaced by CRLF the next time Git touches it
warning: in the working copy of 'tsconfig.json', LF will be replaced by CRLF the next time Git touches it
warning: in the working copy of 'scripts/smoke-fixture-generated.ts', LF will be replaced by CRLF the next time Git touches it
warning: in the working copy of 'scripts/smoke-fixture-generated.ts', LF will be replaced by CRLF the next time Git touches it
To C:\Users\Metod\AppData\Local\Temp\ayas-proposal-approval-h7HbjP
   bf4e840..74b36da  master -> master
warning: in the working copy of '.gitignore', LF will be replaced by CRLF the next time Git touches it
warning: in the working copy of 'scripts/existing.ts', LF will be replaced by CRLF the next time Git touches it
warning: in the working copy of 'tsconfig.json', LF will be replaced by CRLF the next time Git touches it
warning: in the working copy of 'elsewhere.ts', LF will be replaced by CRLF the next time Git touches it
warning: in the working copy of 'scripts/smoke-fixture-generated.ts', LF will be replaced by CRLF the next time Git touches it
warning: in the working copy of 'scripts/smoke-fixture-generated.ts', LF will be replaced by CRLF the next time Git touches it
To C:\Users\Metod\AppData\Local\Temp\ayas-proposal-approval-FPnUaV
 ! [rejected]        master -> master (fetch first)
error: failed to push some refs to 'C:\Users\Metod\AppData\Local\Temp\ayas-proposal-approval-FPnUaV'
hint: Updates were rejected because the remote contains work that you do not
hint: have locally. This is usually caused by another repository pushing to
hint: the same ref. If you want to integrate the remote changes, use
hint: 'git pull' before pushing again.
hint: See the 'Note about fast-forwards' in 'git push --help' for details.
warning: in the working copy of '.gitignore', LF will be replaced by CRLF the next time Git touches it
warning: in the working copy of 'scripts/existing.ts', LF will be replaced by CRLF the next time Git touches it
warning: in the working copy of 'tsconfig.json', LF will be replaced by CRLF the next time Git touches it
warning: in the working copy of 'scripts/smoke-fixture-generated.ts', LF will be replaced by CRLF the next time Git touches it
warning: in the working copy of 'scripts/smoke-fixture-generated.ts', LF will be replaced by CRLF the next time Git touches it
To C:\Users\Metod\AppData\Local\Temp\ayas-proposal-approval-68zpiu
   282859f..a931017  master -> master
warning: in the working copy of '.gitignore', LF will be replaced by CRLF the next time Git touches it
warning: in the working copy of 'scripts/existing.ts', LF will be replaced by CRLF the next time Git touches it
warning: in the working copy of 'tsconfig.json', LF will be replaced by CRLF the next time Git touches it
warning: in the working copy of '.gitignore', LF will be replaced by CRLF the next time Git touches it
warning: in the working copy of 'scripts/existing.ts', LF will be replaced by CRLF the next time Git touches it
warning: in the working copy of 'tsconfig.json', LF will be replaced by CRLF the next time Git touches it
warning: in the working copy of 'scripts/smoke-fixture-generated.ts', LF will be replaced by CRLF the next time Git touches it
warning: in the working copy of 'scripts/smoke-fixture-generated.ts', LF will be replaced by CRLF the next time Git touches it
To C:\Users\Metod\AppData\Local\Temp\ayas-proposal-approval-iAFhqf
   93a3278..3b4d75b  master -> master
warning: in the working copy of '.gitignore', LF will be replaced by CRLF the next time Git touches it
warning: in the working copy of 'scripts/existing.ts', LF will be replaced by CRLF the next time Git touches it
warning: in the working copy of 'tsconfig.json', LF will be replaced by CRLF the next time Git touches it
warning: in the working copy of '.gitignore', LF will be replaced by CRLF the next time Git touches it
warning: in the working copy of 'scripts/existing.ts', LF will be replaced by CRLF the next time Git touches it
warning: in the working copy of 'tsconfig.json', LF will be replaced by CRLF the next time Git touches it
warning: in the working copy of 'scripts/smoke-fixture-generated.ts', LF will be replaced by CRLF the next time Git touches it
warning: in the working copy of 'scripts/smoke-fixture-generated.ts', LF will be replaced by CRLF the next time Git touches it
To C:\Users\Metod\AppData\Local\Temp\ayas-proposal-approval-8cSlk4
   5e90d48..cc7f106  master -> master
