access-gate: PASS (629ms)
bounded-request-body: PASS (582ms)
bounded-file-write: PASS (560ms)
action-runtime: PASS (5980ms)
action-firewall: PASS (1187ms)
action-firewall-runtime: PASS (865ms)
action-firewall-bridge: PASS (1196ms)
action-firewall-closure: PASS (2077ms)
owner-session-admission: PASS (814ms)
owner-capability-firewall: PASS (6346ms)
repair-approval-proof: PASS (1224ms)
discovery-run-firewall: PASS (5080ms)
execution-gate: PASS (818ms)
execution-bridge: PASS (6034ms)
write-action: PASS (1239ms)
execution-authority: PASS (37984ms)
execution-authority-lock: PASS (5147ms)
execution-journal: PASS (600ms)
execution-revalidation-scope-recovery: PASS (4622ms)
authorization-reservation: PASS (807ms)
approval-durable-state-compatibility: PASS (929ms)
daemon-authority-boundary: PASS (801ms)
autonomy-daemon: PASS (3101ms)
isolated-gate-root: PASS (520ms)
verified-gate-transition: PASS (641ms)
runtime-stability-guard: PASS (1165ms)
exact-patch-safety: PASS (664ms)
exact-proposal-safety: PASS (2988ms)
guarded-publication: PASS (58023ms)
proposal-approval-service: PASS (181704ms)
proposal-execution-service: PASS (27434ms)
micro-batch-approval-service: PASS (54624ms)
micro-batch-execution-service: PASS (9892ms)
patch-artifact: PASS (561ms)
patch-artifact-mutation: PASS (1942ms)
patch-artifact-execution-integration: PASS (12767ms)
guided-repair: PASS (1448ms)
guided-repair-durability: PASS (886ms)
developer-workflow: PASS (892ms)
workflow-recovery: PASS (727ms)
workflow-store: PASS (792ms)
durable-task-runtime: PASS (1712ms)
durable-task-recovery: PASS (25786ms)
memory-integrity: PASS (1918ms)
memory: PASS (588ms)
memory-temporal: PASS (3645ms)
context: PASS (611ms)
unified-trace: PASS (1159ms)
operation-evidence: PASS (1363ms)
operation-telemetry: PASS (2784ms)
operation-telemetry-mutations: PASS (14326ms)
lifecycle: PASS (1247ms)
model-router: PASS (538ms)
zero-cost-policy: PASS (496ms)
safe-public-fetch: PASS (2522ms)
external-research-store: PASS (563ms)
research-scheduler: PASS (6580ms)
research-improvement-loop: PASS (229737ms)
controlled-self-evolution-cycle: PASS (5351ms)
controlled-self-evolution-artifact: PASS (5191ms)
storage-hygiene: PASS (565ms)
discovery-registry: PASS (2967ms)
cognitive-quality: PASS (895ms)
conversation-quality-master: PASS (801ms)
chat-quality: PASS (808ms)
retrieval-evaluation: PASS (14854ms)
open-ended-evolution: PASS (6986ms)
technology-watch: PASS (11633ms)
developer-intelligence: PASS (5824ms)
context-budget: PASS (822ms)
context-budget-mutations: PASS (12748ms)
voice-turn-state-mutations: PASS (18456ms)
release-provenance: PASS (13461ms)
release-provenance-mutations: PASS (60756ms)
research-source-resilience: PASS (2574ms)
graphify-integration: PASS (5160ms)
independence-certification: PASS (11059ms)
independence-certification-mutations: PASS (58501ms)
production-director: PASS (10714ms)
production-director-mutations: PASS (73002ms)
historical-storytelling: PASS (5675ms)
historical-storytelling-mutations: PASS (36981ms)
production-cost-governor: PASS (11325ms)
production-cost-governor-mutations: PASS (46087ms)
production-fault-repair: PASS (3223ms)
production-fault-repair-mutations: PASS (22341ms)
production-quality-gate: PASS (531ms)
production-quality-gate-mutations: PASS (12026ms)
production-quality-collector: PASS (2364ms)
production-quality-collector-mutations: PASS (38180ms)
youtube-ready-export: PASS (7637ms)
owner-constitution: PASS (5851ms)
owner-constitution-mutations: PASS (77965ms)
constitution-run-binding: PASS (7789ms)
constitution-run-binding-mutations: PASS (78235ms)
golden-vault: FAIL (890ms)
golden-vault-operator: PASS (11843ms)
golden-vault-mutations: PASS (86296ms)
golden-vault-run: PASS (42050ms)
golden-experiment-gate: PASS (24047ms)
