node:internal/modules/run_main:107
    triggerUncaughtException(
    ^

AssertionError [ERR_ASSERTION]: Expected values to be strictly deep-equal:
+ actual - expected

+ [
+   'scripts/fixtures/ayas-owner-exact-preview-fixture.ts'
+ ]
- []

    at <anonymous> (C:\Users\Metod\AppData\Local\Temp\ayas-eval-baseline-WDkCrS\repo\scripts\smoke-ayas-golden-vault.ts:265:10)
    at scenario (C:\Users\Metod\AppData\Local\Temp\ayas-eval-baseline-WDkCrS\repo\scripts\smoke-ayas-golden-vault.ts:16:52)
    at assert (C:\Users\Metod\AppData\Local\Temp\ayas-eval-baseline-WDkCrS\repo\scripts\smoke-ayas-golden-vault.ts:242:1)
    at Object.<anonymous> (C:\Users\Metod\AppData\Local\Temp\ayas-eval-baseline-WDkCrS\repo\scripts\smoke-ayas-golden-vault.ts:268:224)
    at Module._compile (node:internal/modules/cjs/loader:1871:14)
    at Object.transformer (C:\Users\Metod\Desktop\solid\SW2020.x64.SP4.0\Program\Atölye\atolye-v2\.graphify\k3-fresh-lock-20261008\node_modules\tsx\dist\register-BoI6-WNn.cjs:9:3252)
    at Module.load (node:internal/modules/cjs/loader:1594:32)
    at Module._load (node:internal/modules/cjs/loader:1396:12)
    at wrapModuleLoad (node:internal/modules/cjs/loader:255:19)
    at loadCJSModuleWithModuleLoad (node:internal/modules/esm/translators:372:15) {
  generatedMessage: true,
  code: 'ERR_ASSERTION',
  actual: [ 'scripts/fixtures/ayas-owner-exact-preview-fixture.ts' ],
  expected: [],
  operator: 'deepStrictEqual',
  diff: 'simple'
}

Node.js v24.18.0
