PASS 1: normal observation reaches OBSERVING
PASS 2: machine health PAUSE pauses the observer
PASS 3: machine health STOP OWN WORKLOAD pauses the observer
PASS 4: dirty repo pauses the observer
PASS 5: observer state survives restart via an isolated state file
PASS 6: corrupt observer state file fails loudly
PASS 7: observer module has no import of the execution gate, approval store, or any mutation API
PASS 8: observer factory exposes no discover/decide/executeApproved/inbox surface
PASS 9: runner imports only the observer module — no daemon, no approval store, no execution gate
PASS 10: runner never calls discover(), decide(), or executeApproved()
PASS 11: runner cannot write production/pipeline state
PASS 12: /brain legacy approval panel delegates to the single Gelişim Merkezi implementation
PASS 13: no Stage 7A file references the execution gate — it cannot be reached from this sprint's code
PASS 14: missing inbox file returns a safe empty/display state
PASS 15: corrupt inbox JSON fails loudly at the reader boundary (not silently reinterpreted)
PASS 16: wrong-schema inbox JSON fails loudly at the reader boundary
PASS 17: loadAyasApprovalInboxView degrades to disconnected (never throws) on a corrupt real-path inbox file
AYAS autonomy observer smoke FAILED: AssertionError [ERR_ASSERTION]: src/lib/brain/autonomy/AyasApprovalInboxView.ts must stay authority-free
    at <anonymous> (C:\Users\Metod\Desktop\solid\SW2020.x64.SP4.0\Program\Atölye\atolye-v2\scripts\smoke-ayas-autonomy-observer.ts:143:14)
    at scenario (C:\Users\Metod\Desktop\solid\SW2020.x64.SP4.0\Program\Atölye\atolye-v2\scripts\smoke-ayas-autonomy-observer.ts:11:90)
    at main (C:\Users\Metod\Desktop\solid\SW2020.x64.SP4.0\Program\Atölye\atolye-v2\scripts\smoke-ayas-autonomy-observer.ts:141:9) {
  generatedMessage: false,
  code: 'ERR_ASSERTION',
  actual: 'import { readAyasApprovalInboxState, type AyasApprovalInboxReadState, type AyasInboxDecisionRead, type AyasInboxProposalRead, type AyasInboxResultRead } from "./AyasApprovalInboxReader";\n' +
    'import { isAyasDeferredEligibleNow } from "./AyasDeferredEligibility";\n' +
    'import { createAyasPatchArtifactStore, AyasPatchArtifactError } from "./AyasPatchArtifact";\n' +
    'import { classifyAyasFindingValue, type AyasFindingValueClass } from "./AyasFindingValueClass";\n' +
    'import { readAyasPublicationActivity, AYAS_PUBLICATION_ACTIVITY_UNKNOWN, type AyasPublicationActivitySnapshot } from "./AyasPublicationActivity";\n' +
    'import { isAyasOwnerApprovedDecisionReason } from "./AyasOwnerApprovalProvenance";\n' +
    'import { loadAyasOwnerExactPreview, type AyasOwnerExactPreviewOptions } from "./AyasOwnerExactPreview";\n' +
    'import type { AyasOwnerExactPreview } from "./AyasOwnerExactPreviewContract";\n' +
    'import type { AyasInboxProposal, AyasInboxDecisionRecord } from "./AyasApprovalInboxStore";\n' +
    '\n' +
    '...',
  expected: /AyasApprovalInboxStore|AyasAutonomyDaemon|AyasExecutionGateStore|consumeApproval|createProposal|\.decide\s*\(|executeApproved|authorizationId/,
  operator: 'doesNotMatch',
  diff: 'simple'
}
