access-gate: PASS (1114ms)
bounded-request-body: PASS (497ms)
bounded-file-write: PASS (545ms)
action-runtime: PASS (5991ms)
action-firewall: PASS (1197ms)
action-firewall-runtime: PASS (860ms)
action-firewall-bridge: PASS (1149ms)
action-firewall-closure: PASS (2122ms)
owner-session-admission: PASS (745ms)
owner-capability-firewall: PASS (6118ms)
repair-approval-proof: PASS (1268ms)
discovery-run-firewall: PASS (5104ms)
execution-gate: PASS (661ms)
execution-bridge: PASS (6082ms)
write-action: PASS (1229ms)
execution-authority: PASS (45644ms)
execution-authority-lock: PASS (5108ms)
execution-journal: PASS (605ms)
execution-revalidation-scope-recovery: PASS (4726ms)
authorization-reservation: PASS (810ms)
approval-durable-state-compatibility: PASS (999ms)
daemon-authority-boundary: PASS (840ms)
autonomy-daemon: PASS (3096ms)
isolated-gate-root: PASS (618ms)
verified-gate-transition: PASS (664ms)
runtime-stability-guard: PASS (1211ms)
exact-patch-safety: PASS (722ms)
exact-proposal-safety: PASS (2816ms)
guarded-publication: PASS (62857ms)
proposal-approval-service: PASS (179497ms)
proposal-execution-service: PASS (28448ms)
micro-batch-approval-service: PASS (56312ms)
micro-batch-execution-service: PASS (9727ms)
patch-artifact: PASS (557ms)
patch-artifact-mutation: PASS (1847ms)
patch-artifact-execution-integration: PASS (12440ms)
guided-repair: PASS (1586ms)
guided-repair-durability: PASS (890ms)
developer-workflow: PASS (889ms)
workflow-recovery: PASS (755ms)
workflow-store: PASS (852ms)
durable-task-runtime: PASS (1647ms)
durable-task-recovery: PASS (26361ms)
memory-integrity: PASS (1975ms)
memory: PASS (594ms)
memory-temporal: PASS (3716ms)
context: PASS (615ms)
unified-trace: PASS (1175ms)
operation-evidence: PASS (1399ms)
operation-telemetry: PASS (2808ms)
operation-telemetry-mutations: PASS (14648ms)
lifecycle: PASS (1279ms)
model-router: PASS (569ms)
zero-cost-policy: PASS (498ms)
safe-public-fetch: PASS (2567ms)
external-research-store: PASS (570ms)
research-scheduler: PASS (6896ms)
research-improvement-loop: PASS (254155ms)
controlled-self-evolution-cycle: PASS (5552ms)
controlled-self-evolution-artifact: PASS (5380ms)
storage-hygiene: PASS (572ms)
discovery-registry: PASS (3157ms)
cognitive-quality: PASS (964ms)
conversation-quality-master: PASS (849ms)
chat-quality: PASS (902ms)
retrieval-evaluation: PASS (15240ms)
open-ended-evolution: PASS (6805ms)
technology-watch: PASS (11874ms)
developer-intelligence: PASS (5888ms)
context-budget: PASS (883ms)
context-budget-mutations: PASS (12755ms)
voice-turn-state-mutations: PASS (18979ms)
release-provenance: PASS (13560ms)
release-provenance-mutations: PASS (64341ms)
research-source-resilience: PASS (2579ms)
graphify-integration: PASS (5241ms)
independence-certification: PASS (11573ms)
independence-certification-mutations: PASS (61802ms)
production-director: PASS (10247ms)
production-director-mutations: PASS (74170ms)
historical-storytelling: PASS (5706ms)
historical-storytelling-mutations: PASS (38702ms)
production-cost-governor: PASS (12229ms)
production-cost-governor-mutations: PASS (49350ms)
production-fault-repair: PASS (3371ms)
production-fault-repair-mutations: PASS (23849ms)
production-quality-gate: PASS (590ms)
production-quality-gate-mutations: PASS (13682ms)
production-quality-collector: PASS (2891ms)
production-quality-collector-mutations: PASS (41526ms)
youtube-ready-export: PASS (8173ms)
owner-constitution: PASS (6636ms)
owner-constitution-mutations: PASS (81941ms)
constitution-run-binding: PASS (8159ms)
constitution-run-binding-mutations: PASS (79548ms)
golden-vault: PASS (1037ms)
golden-vault-operator: PASS (12051ms)
golden-vault-mutations: PASS (85123ms)
golden-vault-run: PASS (44069ms)
golden-experiment-gate: PASS (24824ms)
golden-experiment-gate-mutations: PASS (99356ms)
golden-sandbox-run: PASS (35341ms)
golden-video-projects: PASS (498ms)
golden-video-projects-mutations: PASS (9563ms)
source-evidence: PASS (2017ms)
source-evidence-mutations: PASS (18252ms)
resource-governor: PASS (2143ms)
resource-governor-mutations: PASS (25227ms)
on-demand-lifecycle: PASS (14540ms)
on-demand-lifecycle-mutations: PASS (58254ms)
resource-occupancy: PASS (15341ms)
resource-occupancy-mutations: PASS (75723ms)
safe-mode: PASS (11164ms)
safe-mode-mutations: PASS (52690ms)
portable-brain: PASS (6477ms)
portable-brain-mutations: PASS (35585ms)
executive-briefing: PASS (18179ms)
executive-briefing-mutations: PASS (94256ms)
revenue-adapter-standard: PASS (1809ms)
revenue-adapter-standard-mutations: PASS (63397ms)
revenue-account-boundary: PASS (588ms)
revenue-account-boundary-mutations: PASS (20093ms)
revenue-spend-policy: PASS (658ms)
revenue-spend-policy-mutations: PASS (19990ms)
revenue-ledger: PASS (14245ms)
revenue-ledger-mutations: PASS (39363ms)
revenue-free-first-validation: PASS (650ms)
revenue-free-first-validation-mutations: PASS (21126ms)
revenue-offer-factory: PASS (650ms)
revenue-offer-factory-mutations: PASS (34582ms)
revenue-fulfillment-gate: PASS (716ms)
revenue-fulfillment-gate-mutations: PASS (34585ms)
revenue-etsy-adapter: PASS (873ms)
revenue-etsy-adapter-mutations: PASS (48207ms)
revenue-upwork-adapter: PASS (658ms)
revenue-upwork-adapter-mutations: PASS (27381ms)
revenue-fiverr-adapter: PASS (723ms)
revenue-fiverr-adapter-mutations: PASS (28706ms)
course-production-plan: PASS (698ms)
revenue-udemy-adapter: PASS (580ms)
revenue-udemy-course-mutations: PASS (39556ms)
revenue-lemon-adapter: PASS (973ms)
revenue-lemon-adapter-mutations: PASS (57247ms)
revenue-reinvestment-policy: PASS (829ms)
revenue-reinvestment-mutations: PASS (33734ms)
revenue-memory: PASS (2297ms)
revenue-intelligence: PASS (606ms)
revenue-memory-mutations: PASS (31551ms)
revenue-security: PASS (989ms)
revenue-security-adversarial: PASS (532ms)
revenue-security-mutations: PASS (68943ms)
revenue-compliance: PASS (756ms)
revenue-compliance-adversarial: PASS (515ms)
revenue-compliance-mutations: PASS (15130ms)
revenue-low-cost-pilot: PASS (15991ms)
revenue-low-cost-pilot-adversarial: PASS (678ms)
revenue-low-cost-pilot-mutations: PASS (66601ms)
revenue-profit-gated-scaling: PASS (1636ms)
revenue-profit-gated-scaling-adversarial: PASS (679ms)
revenue-profit-gated-scaling-mutations: PASS (15304ms)
revenue-center-closure: PASS (2197ms)
revenue-center-closure-adversarial: PASS (622ms)
revenue-center-closure-mutations: PASS (15723ms)
system-audit: PASS (679ms)
system-audit-adversarial: PASS (612ms)
system-audit-mutations: PASS (8173ms)
{"outcome":"PASS","suites":166,"failed":[],"report":"C:\\Users\\Metod\\Desktop\\solid\\SW2020.x64.SP4.0\\Program\\Atölye\\atolye-v2\\.graphify\\FINAL_FULL166_dbf9542.raw.json"}
