
> atolye-v2@0.1.0 build
> next build

▲ Next.js 16.3.8 (Turbopack)
✓ Running next.config.ts took 30ms
⚠ No build cache found. Please configure build caching for faster rebuilds. Read more: https://nextjs.org/docs/messages/no-cache

⚠ The "middleware" file convention is deprecated. Please use "proxy" instead.

  To migrate automatically, run:
  npx @next/codemod@canary middleware-to-proxy .

  Learn more: https://nextjs.org/docs/messages/middleware-to-proxy
  Creating an optimized production build ...
FATAL: An unexpected Turbopack error occurred:
Symlink [project]/node_modules is invalid, it points out of the filesystem root

Debug info:
- Execution of get_all_written_entrypoints_with_issues_operation failed
- Execution of EntrypointsOperation::new failed
- Execution of all_entrypoints_write_to_disk_operation failed
- Execution of output_assets_operation failed
- Execution of Project::get_all_endpoint_groups_with_app_route_filter failed
- Execution of Project::entrypoints_with_app_route_filter failed
- Execution of AppProject::routes_with_filter failed
- Execution of directory_tree_to_entrypoints_internal failed
- Execution of directory_tree_to_loader_tree failed
- Execution of try_get_next_package failed
- Execution of resolve failed
- Execution of resolve_internal failed
- Execution of find_package failed
- Symlink [project]/node_modules is invalid, it points out of the filesystem root

> Build error occurred
Error [TurbopackInternalError]: Symlink [project]/node_modules is invalid, it points out of the filesystem root

Debug info:
- Execution of get_all_written_entrypoints_with_issues_operation failed
- Execution of EntrypointsOperation::new failed
- Execution of all_entrypoints_write_to_disk_operation failed
- Execution of output_assets_operation failed
- Execution of Project::get_all_endpoint_groups_with_app_route_filter failed
- Execution of Project::entrypoints_with_app_route_filter failed
- Execution of AppProject::routes_with_filter failed
- Execution of directory_tree_to_entrypoints_internal failed
- Execution of directory_tree_to_loader_tree failed
- Execution of try_get_next_package failed
- Execution of resolve failed
- Execution of resolve_internal failed
- Execution of find_package failed
- Symlink [project]/node_modules is invalid, it points out of the filesystem root
    at ignore-listed frames {
  type: 'TurbopackInternalError',
  location: undefined
}
